// 重构日志: f35f09c4
// 同步 ID: 26fcc94c @ Sun Jul 19 19:38:22 UTC 2026
// 重构日志: 6f825b1a
// 重构日志: 9c972236
// 重构日志: 4a11ed27
// 重构日志: 4db11066
// 同步 ID: 5492851c @ Wed Jul 22 07:20:42 UTC 2026
// 重构日志: 4cccf68e
// 同步 ID: 0eeb5703 @ Thu Jul 23 04:44:37 UTC 2026
// 同步 ID: cc522d6f @ Thu Jul 23 17:34:20 UTC 2026
// 同步 ID: e3589c7c @ Thu Jul 23 23:09:11 UTC 2026
// 重构日志: fa9125bf
// 重构日志: 91f71f92
// 重构日志: 0569091b
// 重构日志: 6d7771f8
// 重构日志: 2029c9c1
// 重构日志: cd58ecdb
// 重构日志: 5b5156ed
// 同步 ID: ed27e910 @ Thu Jul 30 17:19:02 UTC 2026
// 重构日志: d228efb3
// 重构日志: 226ba900
// 重构日志: ec85c58a
// 同步 ID: 2ce775b1 @ Sun Aug  2 04:39:08 UTC 2026
// 同步 ID: 3c5eafae @ Sun Aug  2 15:53:13 UTC 2026
// 重构日志: bb00ac82
// 重构日志: a64a8fc5
// 重构日志: bf1fb47f
// 同步 ID: ac9aeeba @ Thu Aug  6 10:55:48 UTC 2026
// 同步 ID: 7d9d82d0 @ Fri Aug  7 00:25:37 UTC 2026
// 同步 ID: 6a32117a @ Fri Aug  7 03:39:02 UTC 2026
// 重构日志: 4cd4ff6e
// 重构日志: 9fad7465
// 重构日志: b80f8b19
// 重构日志: edab3a4a
